[backblue.gif]
[fade.gif]
[index.html]
[docs.opencv.org/java/index.html]
[docs.opencv.org/java/overview-frame.html]
[docs.opencv.org/java/allclasses-frame.html]
[docs.opencv.org/java/overview-summary.html]
[docs.opencv.org/java/org/opencv/android/package-frame.html]
[docs.opencv.org/java/org/opencv/calib3d/package-frame.html]
[docs.opencv.org/java/org/opencv/core/package-frame.html]
[docs.opencv.org/java/org/opencv/features2d/package-frame.html]
[docs.opencv.org/java/org/opencv/highgui/package-frame.html]
[docs.opencv.org/java/org/opencv/imgproc/package-frame.html]
[docs.opencv.org/java/org/opencv/ml/package-frame.html]
[docs.opencv.org/java/org/opencv/objdetect/package-frame.html]
[docs.opencv.org/java/org/opencv/photo/package-frame.html]
[docs.opencv.org/java/org/opencv/utils/package-frame.html]
[docs.opencv.org/java/org/opencv/video/package-frame.html]
[docs.opencv.org/java/org/opencv/core/Algorithm.html]
[docs.opencv.org/java/org/opencv/video/BackgroundSubtractor.html]
[docs.opencv.org/java/org/opencv/video/BackgroundSubtractorMOG.html]
[docs.opencv.org/java/org/opencv/video/BackgroundSubtractorMOG2.html]
[docs.opencv.org/java/org/opencv/android/BaseLoaderCallback.html]
[docs.opencv.org/java/org/opencv/calib3d/Calib3d.html]
[docs.opencv.org/java/org/opencv/android/CameraBridgeViewBase.html]
[docs.opencv.org/java/org/opencv/android/CameraBridgeViewBase.CvCameraViewFrame.html]
[docs.opencv.org/java/org/opencv/android/CameraBridgeViewBase.CvCameraViewListener.html]
[docs.opencv.org/java/org/opencv/android/CameraBridgeViewBase.CvCameraViewListener2.html]
[docs.opencv.org/java/org/opencv/android/CameraBridgeViewBase.ListItemAccessor.html]
[docs.opencv.org/java/org/opencv/objdetect/CascadeClassifier.html]
[docs.opencv.org/java/org/opencv/imgproc/CLAHE.html]
[docs.opencv.org/java/org/opencv/utils/Converters.html]
[docs.opencv.org/java/org/opencv/core/Core.html]
[docs.opencv.org/java/org/opencv/core/Core.MinMaxLocResult.html]
[docs.opencv.org/java/org/opencv/ml/CvANN_MLP.html]
[docs.opencv.org/java/org/opencv/ml/CvANN_MLP_TrainParams.html]
[docs.opencv.org/java/org/opencv/ml/CvBoost.html]
[docs.opencv.org/java/org/opencv/ml/CvBoostParams.html]
[docs.opencv.org/java/org/opencv/ml/CvDTree.html]
[docs.opencv.org/java/org/opencv/ml/CvDTreeParams.html]
[docs.opencv.org/java/org/opencv/ml/CvERTrees.html]
[docs.opencv.org/java/org/opencv/core/CvException.html]
[docs.opencv.org/java/org/opencv/ml/CvGBTrees.html]
[docs.opencv.org/java/org/opencv/ml/CvGBTreesParams.html]
[docs.opencv.org/java/org/opencv/ml/CvKNearest.html]
[docs.opencv.org/java/org/opencv/ml/CvNormalBayesClassifier.html]
[docs.opencv.org/java/org/opencv/ml/CvParamGrid.html]
[docs.opencv.org/java/org/opencv/ml/CvRTParams.html]
[docs.opencv.org/java/org/opencv/ml/CvRTrees.html]
[docs.opencv.org/java/org/opencv/ml/CvStatModel.html]
[docs.opencv.org/java/org/opencv/ml/CvSVM.html]
[docs.opencv.org/java/org/opencv/ml/CvSVMParams.html]
[docs.opencv.org/java/org/opencv/core/CvType.html]
[docs.opencv.org/java/org/opencv/features2d/DescriptorExtractor.html]
[docs.opencv.org/java/org/opencv/features2d/DescriptorMatcher.html]
[docs.opencv.org/java/org/opencv/features2d/DMatch.html]
[docs.opencv.org/java/org/opencv/ml/EM.html]
[docs.opencv.org/java/org/opencv/features2d/FeatureDetector.html]
[docs.opencv.org/java/org/opencv/features2d/Features2d.html]
[docs.opencv.org/java/org/opencv/android/FpsMeter.html]
[docs.opencv.org/java/org/opencv/features2d/GenericDescriptorMatcher.html]
[docs.opencv.org/java/org/opencv/highgui/Highgui.html]
[docs.opencv.org/java/org/opencv/objdetect/HOGDescriptor.html]
[docs.opencv.org/java/org/opencv/imgproc/Imgproc.html]
[docs.opencv.org/java/org/opencv/android/InstallCallbackInterface.html]
[docs.opencv.org/java/org/opencv/android/JavaCameraView.html]
[docs.opencv.org/java/org/opencv/android/JavaCameraView.JavaCameraSizeAccessor.html]
[docs.opencv.org/java/org/opencv/video/KalmanFilter.html]
[docs.opencv.org/java/org/opencv/features2d/KeyPoint.html]
[docs.opencv.org/java/org/opencv/android/LoaderCallbackInterface.html]
[docs.opencv.org/java/org/opencv/core/Mat.html]
[docs.opencv.org/java/org/opencv/core/MatOfByte.html]
[docs.opencv.org/java/org/opencv/core/MatOfDMatch.html]
[docs.opencv.org/java/org/opencv/core/MatOfDouble.html]
[docs.opencv.org/java/org/opencv/core/MatOfFloat.html]
[docs.opencv.org/java/org/opencv/core/MatOfFloat4.html]
[docs.opencv.org/java/org/opencv/core/MatOfFloat6.html]
[docs.opencv.org/java/org/opencv/core/MatOfInt.html]
[docs.opencv.org/java/org/opencv/core/MatOfInt4.html]
[docs.opencv.org/java/org/opencv/core/MatOfKeyPoint.html]
[docs.opencv.org/java/org/opencv/core/MatOfPoint.html]
[docs.opencv.org/java/org/opencv/core/MatOfPoint2f.html]
[docs.opencv.org/java/org/opencv/core/MatOfPoint3.html]
[docs.opencv.org/java/org/opencv/core/MatOfPoint3f.html]
[docs.opencv.org/java/org/opencv/core/MatOfRect.html]
[docs.opencv.org/java/org/opencv/ml/Ml.html]
[docs.opencv.org/java/org/opencv/imgproc/Moments.html]
[docs.opencv.org/java/org/opencv/android/NativeCameraView.html]
[docs.opencv.org/java/org/opencv/android/NativeCameraView.OpenCvSizeAccessor.html]
[docs.opencv.org/java/org/opencv/objdetect/Objdetect.html]
[docs.opencv.org/java/org/opencv/android/OpenCVLoader.html]
[docs.opencv.org/java/org/opencv/photo/Photo.html]
[docs.opencv.org/java/org/opencv/core/Point.html]
[docs.opencv.org/java/org/opencv/core/Point3.html]
[docs.opencv.org/java/org/opencv/core/Range.html]
[docs.opencv.org/java/org/opencv/core/Rect.html]
[docs.opencv.org/java/org/opencv/core/RotatedRect.html]
[docs.opencv.org/java/org/opencv/core/Scalar.html]
[docs.opencv.org/java/org/opencv/core/Size.html]
[docs.opencv.org/java/org/opencv/calib3d/StereoBM.html]
[docs.opencv.org/java/org/opencv/calib3d/StereoSGBM.html]
[docs.opencv.org/java/org/opencv/imgproc/Subdiv2D.html]
[docs.opencv.org/java/org/opencv/core/TermCriteria.html]
[docs.opencv.org/java/org/opencv/android/Utils.html]
[docs.opencv.org/java/org/opencv/video/Video.html]
[docs.opencv.org/java/org/opencv/highgui/VideoCapture.html]
[docs.opencv.org/java/overview-tree.html]
[docs.opencv.org/java/index-all.html]
[docs.opencv.org/java/help-doc.html]
[docs.opencv.org/java/indexe0d5.html]
[docs.opencv.org/java/allclasses-noframe.html]
[docs.opencv.org/java/org/opencv/android/package-summary.html]
[docs.opencv.org/java/org/opencv/calib3d/package-summary.html]
[docs.opencv.org/java/org/opencv/core/package-summary.html]
[docs.opencv.org/java/org/opencv/features2d/package-summary.html]
[docs.opencv.org/java/org/opencv/highgui/package-summary.html]
[docs.opencv.org/java/org/opencv/imgproc/package-summary.html]
[docs.opencv.org/java/org/opencv/ml/package-summary.html]
[docs.opencv.org/java/org/opencv/objdetect/package-summary.html]
[docs.opencv.org/java/org/opencv/photo/package-summary.html]
[docs.opencv.org/java/org/opencv/utils/package-summary.html]
[docs.opencv.org/java/org/opencv/video/package-summary.html]
[docs.opencv.org/java/org/opencv/core/package-tree.html]
[docs.opencv.org/java/index8db0.html]
[docs.opencv.org/java/index1dd7.html]
[docs.opencv.org/java/index35fd.html]
[docs.opencv.org/java/index02be.html]
[docs.opencv.org/java/org/opencv/android/package-tree.html]
[docs.opencv.org/java/index2244.html]
[docs.opencv.org/java/org/opencv/calib3d/package-tree.html]
[docs.opencv.org/java/indexda55.html]
[docs.opencv.org/java/constant-values.html]
[docs.opencv.org/java/indexb3eb.html]
[docs.opencv.org/java/index5070.html]
[docs.opencv.org/java/index5eec.html]
[docs.opencv.org/java/indexed3c.html]
[docs.opencv.org/java/indexf41b.html]
[docs.opencv.org/java/org/opencv/objdetect/package-tree.html]
[docs.opencv.org/java/indexff55.html]
[docs.opencv.org/java/org/opencv/imgproc/package-tree.html]
[docs.opencv.org/java/index932c.html]
[docs.opencv.org/java/org/opencv/utils/package-tree.html]
[docs.opencv.org/java/index3796.html]
[docs.opencv.org/java/index6ae9.html]
[docs.opencv.org/java/index5e7b.html]
[docs.opencv.org/java/org/opencv/ml/package-tree.html]
[docs.opencv.org/java/index0689.html]
[docs.opencv.org/java/index6095.html]
[docs.opencv.org/java/index6cde.html]
[docs.opencv.org/java/indexec7d.html]
[docs.opencv.org/java/indexd20f.html]
[docs.opencv.org/java/indexbf29.html]
[docs.opencv.org/java/index94f1.html]
[docs.opencv.org/java/index572e.html]
[docs.opencv.org/java/serialized-form.html]
[docs.opencv.org/java/index4aae.html]
[docs.opencv.org/java/index8b6d.html]
[docs.opencv.org/java/index20a0.html]
[docs.opencv.org/java/index819f.html]
[docs.opencv.org/java/index7f4d.html]
[docs.opencv.org/java/indexba52.html]
[docs.opencv.org/java/index54f0.html]
[docs.opencv.org/java/index7684.html]
[docs.opencv.org/java/index0153.html]
[docs.opencv.org/java/index4599.html]
[docs.opencv.org/java/indexebd5.html]
[docs.opencv.org/java/org/opencv/features2d/package-tree.html]
[docs.opencv.org/java/indexb916.html]
[docs.opencv.org/java/index2ac7.html]
[docs.opencv.org/java/indexf19f.html]
[docs.opencv.org/java/index8b1f.html]
[docs.opencv.org/java/index7fab.html]
[docs.opencv.org/java/indexe4b1.html]
[docs.opencv.org/java/indexe7f8.html]
[docs.opencv.org/java/index95a2.html]
[docs.opencv.org/java/org/opencv/highgui/package-tree.html]
[docs.opencv.org/java/index20e1.html]
[docs.opencv.org/java/index0315.html]
[docs.opencv.org/java/indexdbec.html]
[docs.opencv.org/java/indexed74.html]
[docs.opencv.org/java/index1ced.html]
[docs.opencv.org/java/index64f8.html]
[docs.opencv.org/java/indexedc5.html]
[docs.opencv.org/java/index9e0e.html]
[docs.opencv.org/java/indexc607.html]
[docs.opencv.org/java/index40fe.html]
[docs.opencv.org/java/index7bae.html]
[docs.opencv.org/java/index6d3f.html]
[docs.opencv.org/java/index639e.html]
[docs.opencv.org/java/index2164.html]
[docs.opencv.org/java/indexe632.html]
[docs.opencv.org/java/indexe9ee.html]
[docs.opencv.org/java/indexd648.html]
[docs.opencv.org/java/index0ef6.html]
[docs.opencv.org/java/index56ec.html]
[docs.opencv.org/java/index9b08.html]
[docs.opencv.org/java/index7e4a.html]
[docs.opencv.org/java/index52cb.html]
[docs.opencv.org/java/index1ab9.html]
[docs.opencv.org/java/index0a64.html]
[docs.opencv.org/java/indexbbf6.html]
[docs.opencv.org/java/indexe5c0.html]
[docs.opencv.org/java/indexebf1.html]
[docs.opencv.org/java/index3831.html]
[docs.opencv.org/java/index0515.html]
[docs.opencv.org/java/index92aa.html]
[docs.opencv.org/java/org/opencv/photo/package-tree.html]
[docs.opencv.org/java/index4a16.html]
[docs.opencv.org/java/index9e15.html]
[docs.opencv.org/java/index4746.html]
[docs.opencv.org/java/index1b98.html]
[docs.opencv.org/java/index0e84.html]
[docs.opencv.org/java/index937d.html]
[docs.opencv.org/java/index1226.html]
[docs.opencv.org/java/index5349.html]
[docs.opencv.org/java/indexad0a.html]
[docs.opencv.org/java/indexcec4.html]
[docs.opencv.org/java/index5da0.html]
[docs.opencv.org/java/index2675.html]
[docs.opencv.org/java/index1977.html]
[docs.opencv.org/java/indexce3d.html]
[docs.opencv.org/java/index7ef8.html]
[docs.opencv.org/java/indexcaf2.html]
[docs.opencv.org/java/indexfcc0.html]
[docs.opencv.org/java/indexb46a.html]
[docs.opencv.org/java/indexe565.html]
[docs.opencv.org/java/index4516.html]
[docs.opencv.org/java/indexffe8.html]
[docs.opencv.org/java/indexb3c2.html]
[docs.opencv.org/java/indexa440.html]
[docs.opencv.org/java/index88dd.html]
[docs.opencv.org/java/indexf8d8.html]
[docs.opencv.org/java/indexe9b4.html]
[docs.opencv.org/java/index21ce.html]
[docs.opencv.org/java/index1c96.html]
[docs.opencv.org/java/index28d7.html]
[docs.opencv.org/java/index71f4.html]
[docs.opencv.org/java/org/opencv/video/package-tree.html]
[docs.opencv.org/java/index14c7.html]
[docs.opencv.org/java/index1ee1.html]
[docs.opencv.org/java/indexd866.html]
[docs.opencv.org/java/indexee9a.html]
[docs.opencv.org/java/indexbcdc.html]
[docs.opencv.org/java/indexa038.html]
[docs.opencv.org/java/indexa853.html]
[docs.opencv.org/java/index10d1.html]
[docs.opencv.org/java/index89bd.html]
[docs.opencv.org/java/index3e01.html]
[docs.opencv.org/java/index9c72.html]
[docs.opencv.org/java/indexabf4.html]
[docs.opencv.org/java/resources/inherit.gif]
[docs.opencv.org/java/stylesheet.css]
